Traceback (most recent call last):
  File "C:\SIRAJ\Repositories\spot-speculation-bot\governance\final_gate2_to_gate3_replay_ready_mega_v3\16_GATE3_REPLAY_RUNNER.py", line 35, in <module>
    if __name__=='__main__': main()
                             ~~~~^^
  File "C:\SIRAJ\Repositories\spot-speculation-bot\governance\final_gate2_to_gate3_replay_ready_mega_v3\16_GATE3_REPLAY_RUNNER.py", line 29, in main
    try: print(json.dumps(run_market(repo,args.authorize_gate3_economic_replay),indent=2))
                          ~~~~~~~~~~^^^^^^^^^^^^^^^^^^^^^^^^^^^^^^^^^^^^^^^^^^^
  File "C:\SIRAJ\Repositories\spot-speculation-bot\src\spotbot\research\multi_school_fidelity\gate3_market_v3.py", line 229, in run_market
    db,market,states,source_sha=stage_market(repo,root,inputs,config)
                                ~~~~~~~~~~~~^^^^^^^^^^^^^^^^^^^^^^^^^
  File "C:\SIRAJ\Repositories\spot-speculation-bot\src\spotbot\research\multi_school_fidelity\gate3_market_v3.py", line 184, in stage_market
    db.executemany('INSERT INTO intents VALUES (?,?,?,?)',[(str(utc(e['timestamp'])),pair,e['system_id'],json.dumps(e))
                                                                                                         ~~~~~~~~~~^^^
  File "C:\Users\abdul\AppData\Local\Programs\Python\Python313\Lib\json\__init__.py", line 235, in dumps
    return _default_encoder.encode(obj)
           ~~~~~~~~~~~~~~~~~~~~~~~^^^^^
  File "C:\Users\abdul\AppData\Local\Programs\Python\Python313\Lib\json\encoder.py", line 202, in encode
    chunks = self.iterencode(o, _one_shot=True)
  File "C:\Users\abdul\AppData\Local\Programs\Python\Python313\Lib\json\encoder.py", line 263, in iterencode
    return _iterencode(o, 0)
  File "C:\Users\abdul\AppData\Local\Programs\Python\Python313\Lib\json\encoder.py", line 182, in default
    raise TypeError(f'Object of type {o.__class__.__name__} '
                    f'is not JSON serializable')
TypeError: Object of type Timestamp is not JSON serializable
