RAW_THROUGH_2022=1/12:AVAX-USDT:24757
RAW_THROUGH_2022=2/12:BTC-USDT:43823
RAW_THROUGH_2022=3/12:DOGE-USDT:25340
RAW_THROUGH_2022=4/12:ETH-USDT:43823
RAW_THROUGH_2022=5/12:INJ-USDT:19261
RAW_THROUGH_2022=6/12:LINK-USDT:29485
RAW_THROUGH_2022=7/12:LTC-USDT:43823
RAW_THROUGH_2022=8/12:OP-USDT:13902
RAW_THROUGH_2022=9/12:SHIB-USDT:23176
RAW_THROUGH_2022=10/12:SOL-USDT:21109
RAW_THROUGH_2022=11/12:XMR-USDT:24303
RAW_THROUGH_2022=12/12:XRP-USDT:43823
P19_CONTROL_EXACT_P13_PARITY=PASS
P19_COMPLETED=YES
CONTROL_NET_PNL=15663.044356264174
TREATMENT_NET_PNL=5472.1293463908369
PRIMARY_ENDPOINT_TREATMENT_MINUS_CONTROL=-10190.915009873337
PRIMARY_ENDPOINT_SUPPORTED_EXPLORATORY=False
TREATMENT_NET_PNL_ABOVE_ZERO=True
TRANSITION_SUPPRESSED_SIGNAL_COUNT=437
COMMON_TRADE_COUNT=85
TREATMENT_ONLY_TRADE_COUNT=45
CONTROL_ONLY_TRADE_COUNT=152
RECONSTRUCTED_ENDPOINT=-10190.915009873377
CANONICAL_RESULT_JSON=C:\Users\abdul\Downloads\akah_p38_preflight_x1tkxztf\observer_output_2023\EAA_EXIT_BRAIN_P19_2022_TRANSITION_ADMISSION_COMPONENT_ABLATION_CANONICAL_RESULT_20260919_154405.json
CANONICAL_RESULT_JSON_SHA256=EECB8D03197789BB3B9F31AD46CAFFF3C38C136183B96FFE89FE85FFC2F2BFBA
